==================================== INPUT ====================================
fragment c on MaybeNode {
  __typename
  ... on NonNode {
    name
  }
  ... on Story {
    actorCount
  }
}
==================================== OUTPUT ===================================
import { FragmentRefs } from "relay-runtime";
export type c$data = {
  readonly __typename: "NonNode";
  readonly name: string | null | undefined;
  readonly " $fragmentType": "c";
} | {
  readonly __typename: "Story";
  readonly actorCount: number | null | undefined;
  readonly " $fragmentType": "c";
} | {
  // This will never be '%other', but we need some
  // value in case none of the concrete values match.
  readonly __typename: "%other";
  readonly " $fragmentType": "c";
};
export type c$key = {
  readonly " $data"?: c$data;
  readonly " $fragmentSpreads": FragmentRefs<"c">;
};
